usage: train.py [-h] [--data_dir DATA_DIR] [--schema_path SCHEMA_PATH]
                [--ckpt_dir CKPT_DIR] [--log_dir LOG_DIR]
                [--batch_size BATCH_SIZE] [--lr LR] [--num_epochs NUM_EPOCHS]
                [--patience PATIENCE] [--seed SEED] [--device DEVICE]
                [--num_workers NUM_WORKERS] [--buffer_batches BUFFER_BATCHES]
                [--train_ratio TRAIN_RATIO] [--valid_ratio VALID_RATIO]
                [--eval_every_n_steps EVAL_EVERY_N_STEPS]
                [--seq_max_lens SEQ_MAX_LENS] [--d_model D_MODEL]
                [--emb_dim EMB_DIM] [--num_queries NUM_QUERIES]
                [--num_dcnv2_layers NUM_DCNV2_LAYERS] [--num_heads NUM_HEADS]
                [--seq_encoder_type {swiglu,transformer,longer}]
                [--hidden_mult HIDDEN_MULT] [--dropout_rate DROPOUT_RATE]
                [--seq_top_k SEQ_TOP_K] [--seq_causal]
                [--action_num ACTION_NUM] [--use_time_buckets]
                [--no_time_buckets] [--rank_mixer_mode {full,ffn_only,none}]
                [--use_rope] [--rope_base ROPE_BASE] [--loss_type {bce,focal}]
                [--focal_alpha FOCAL_ALPHA] [--focal_gamma FOCAL_GAMMA]
                [--sparse_lr SPARSE_LR]
                [--sparse_weight_decay SPARSE_WEIGHT_DECAY]
                [--reinit_sparse_after_epoch REINIT_SPARSE_AFTER_EPOCH]
                [--reinit_cardinality_threshold REINIT_CARDINALITY_THRESHOLD]
                [--emb_skip_threshold EMB_SKIP_THRESHOLD]
                [--seq_id_threshold SEQ_ID_THRESHOLD]
                [--ns_groups_json NS_GROUPS_JSON]
                [--ns_tokenizer_type {group,rankmixer}]
                [--user_ns_tokens USER_NS_TOKENS]
                [--item_ns_tokens ITEM_NS_TOKENS]
train.py: error: argument --valid_ratio: invalid float value: ''

ERROR conda.cli.main_run:execute(127): `conda run bash ./run.sh --device cuda --num_epochs 10 --batch_size 256 --valid_ratio ` failed. (See above for error)
