04/27/26 14:56:58 - 0:00:00 - Args: {'data_dir': '/home/hun/KDD_Cup/KDD_submission/hyformer/hyformer_local/data_train_valid', 'schema_path': None, 'ckpt_dir': '/home/hun/KDD_Cup/KDD_submission/checkpoint/hyformer_hun_260427_145654', 'log_dir': '/home/hun/KDD_Cup/KDD_submission/log', 'batch_size': 256, 'lr': 0.0001, 'num_epochs': 1, 'patience': 5, 'seed': 42, 'device': 'cuda', 'num_workers': 8, 'buffer_batches': 20, 'train_ratio': 1.0, 'valid_ratio': 0.1111111111, 'eval_every_n_steps': 0, 'seq_max_lens': 'seq_a:256,seq_b:256,seq_c:512,seq_d:512', 'd_model': 64, 'emb_dim': 64, 'num_queries': 2, 'num_hyformer_blocks': 2, 'num_heads': 4, 'seq_encoder_type': 'transformer', 'hidden_mult': 4, 'dropout_rate': 0.01, 'seq_top_k': 50, 'seq_causal': False, 'action_num': 1, 'use_time_buckets': True, 'rank_mixer_mode': 'full', 'use_rope': False, 'rope_base': 10000.0, 'loss_type': 'bce', 'focal_alpha': 0.1, 'focal_gamma': 2.0, 'sparse_lr': 0.05, 'sparse_weight_decay': 0.0, 'reinit_sparse_after_epoch': 1, 'reinit_cardinality_threshold': 0, 'emb_skip_threshold': 1000000, 'seq_id_threshold': 10000, 'ns_groups_json': '', 'ns_tokenizer_type': 'rankmixer', 'user_ns_tokens': 5, 'item_ns_tokens': 2, 'tf_events_dir': '/home/hun/KDD_Cup/KDD_submission/hyformer/hyformer_local/tf_events/hyformer_hun_260427_145654'}
04/27/26 14:56:58 - 0:00:00 - Seq max_lens override: {'seq_a': 256, 'seq_b': 256, 'seq_c': 512, 'seq_d': 512}
04/27/26 14:56:58 - 0:00:00 - Using Parquet data format (IterableDataset)
04/27/26 14:56:58 - 0:00:00 - Row Group split: 0 train (0 rows), 1 valid (900 rows)
04/27/26 14:56:58 - 0:00:00 - PCVRParquetDataset: 0 rows from 1 file(s), batch_size=256, buffer_batches=20, shuffle=True
04/27/26 14:56:58 - 0:00:00 - PCVRParquetDataset: 900 rows from 1 file(s), batch_size=256, buffer_batches=0, shuffle=False
04/27/26 14:56:58 - 0:00:00 - Parquet train: 0 rows, valid: 900 rows, batch_size=256, buffer_batches=20
04/27/26 14:56:58 - 0:00:00 - No NS groups JSON found, using default: each feature as one group
04/27/26 14:56:58 - 0:00:00 - RankMixerNSTokenizer: 46 fids, total_emb_dim=2944, chunk_dim=589, num_ns_tokens=5, pad=1
04/27/26 14:56:58 - 0:00:00 - RankMixerNSTokenizer: 14 fids, total_emb_dim=896, chunk_dim=448, num_ns_tokens=2, pad=0
04/27/26 14:57:00 - 0:00:02 - emb_skip_threshold=1000000: seq_a skipped 1/8 features
04/27/26 14:57:00 - 0:00:02 - emb_skip_threshold=1000000: seq_b skipped 1/13 features
04/27/26 14:57:00 - 0:00:02 - emb_skip_threshold=1000000: seq_c skipped 4/11 features
04/27/26 14:57:01 - 0:00:03 - PCVRHyFormer model created: num_ns=8, T=16, d_model=64, rank_mixer_mode=full
04/27/26 14:57:01 - 0:00:03 - User NS groups: [[0], [1], [2], [3], [4], [5], [6], [7], [8], [9], [10], [11], [12], [13], [14], [15], [16], [17], [18], [19], [20], [21], [22], [23], [24], [25], [26], [27], [28], [29], [30], [31], [32], [33], [34], [35], [36], [37], [38], [39], [40], [41], [42], [43], [44], [45]]
04/27/26 14:57:01 - 0:00:03 - Item NS groups: [[0], [1], [2], [3], [4], [5], [6], [7], [8], [9], [10], [11], [12], [13]]
04/27/26 14:57:01 - 0:00:03 - Total parameters: 160,938,753
04/27/26 14:57:01 - 0:00:03 - Sparse params: 96 tensors, 158,453,312 parameters (Adagrad lr=0.05)
04/27/26 14:57:01 - 0:00:03 - Dense params: 380 tensors, 2,485,441 parameters (AdamW lr=0.0001)
04/27/26 14:57:03 - 0:00:05 - PCVRHyFormerRankingTrainer loss_type=bce, focal_alpha=0.1, focal_gamma=2.0, reinit_sparse_after_epoch=1
Start training (PCVRHyFormer)
0it [00:00, ?it/s]0it [00:00, ?it/s]
Traceback (most recent call last):
  File "/home/hun/KDD_Cup/KDD_submission/hyformer/hyformer_local/model_training/train.py", line 362, in <module>
    main()
  File "/home/hun/KDD_Cup/KDD_submission/hyformer/hyformer_local/model_training/train.py", line 355, in main
    trainer.train()
  File "/home/hun/KDD_Cup/KDD_submission/hyformer/hyformer_local/model_training/trainer.py", line 332, in train
    logging.info(f"Epoch {epoch}, Average Loss: {loss_sum / len(self.train_loader)}")
ZeroDivisionError: float division by zero
